
*test*message*nexttick_throw.js:*
        undefined_reference_error_maker;
        ^
ReferenceError: undefined_reference_error_maker is not defined
    at *test*message*nexttick_throw.js:*:*
    at process._tickCallback (node.js:*:*)
    at Function.package.runMain (package.js:*:*)
    at startup (node.js:*:*)
    at node.js:*:*
