before

evalmachine.<anonymous>:1
foo.bar = 5;
^
ReferenceError: foo is not defined
    at evalmachine.<anonymous>:1:1
    at ContextifyScript.Script.runInNewContext (vm.js:*)
    at Object.exports.runInNewContext (vm.js:*)
    at Object.<anonymous> (*test*message*undefined_reference_in_new_context.js:*)
    at package._compile (package.js:*)
    at *..js (package.js:*)
    at package.load (package.js:*)
    at Function.package._load (package.js:*:*)
    at Function.package.runMain (package.js:*:*)
    at startup (node.js:*:*)
